// Jest Snapshot v1, https://goo.gl/fbAQLP

exports[`Uploader renders correctly 1`] = `
<div
  class="za-uploader"
>
  <input
    accept="image/jpg, image/jpeg, image/gif, image/png"
    class="za-uploader-input"
    type="file"
  />
  <span
    class="za-uploader-trigger"
  />
  foo
</div>
`;
