// Jest Snapshot v1, https://goo.gl/fbAQLP

exports[`Pull renders correctly 1`] = `
<div
  class="za-pull"
>
  <div
    class="za-pull-refresh"
    style="-webkit-transition-duration:0ms;transition-duration:0ms;height:0;"
  />
  <div>
    1
  </div>
  <div>
    2
  </div>
  <div>
    3
  </div>
  <div
    class="za-pull-load"
  />
</div>
`;
