// Jest Snapshot v1, https://goo.gl/fbAQLP

exports[`ActionSheet renders correctly 1`] = `
<div
  class="za-popup"
>
  <div
    class="za-popup-wrapper za-popup-wrapper-bottom"
    style="-webkit-transition-duration:200ms;transition-duration:200ms;"
  >
    <div
      class="za-actionsheet shape-radius"
    >
      <div
        class="za-actionsheet-actions"
      >
        <a
          class="za-actionsheet-btn"
        >
          操作一
        </a>
        <a
          class="za-actionsheet-btn"
        >
          操作二
        </a>
        <a
          class="za-actionsheet-btn theme-error"
        >
          操作三
        </a>
      </div>
    </div>
  </div>
  <div
    class="za-mask normal"
    style="-webkit-animation-duration:200ms;animation-duration:200ms;"
  />
</div>
`;
